08-11 13:29:26.572  1178  5113 E AndroidRuntime: FATAL EXCEPTION: [com.google.android.gms.chimera.container.intentoperation.GmsIntentOperationChimeraService-Executor] idle
08-11 13:29:26.572  1178  5113 E AndroidRuntime: Process: com.google.android.gms, PID: 1178
08-11 13:29:26.572  1178  5113 E AndroidRuntime: java.lang.IllegalArgumentException: Invalid column photo_uri
08-11 13:29:26.572  1178  5113 E AndroidRuntime: 	at android.database.DatabaseUtils.readExceptionFromParcel(DatabaseUtils.java:207)
08-11 13:29:26.572  1178  5113 E AndroidRuntime: 	at android.database.DatabaseUtils.readExceptionFromParcel(DatabaseUtils.java:177)
08-11 13:29:26.572  1178  5113 E AndroidRuntime: 	at android.content.ContentProviderProxy.query(ContentProviderNative.java:497)
08-11 13:29:26.572  1178  5113 E AndroidRuntime: 	at android.content.ContentProviderClient.lambda$query$1(ContentProviderClient.java:370)
08-11 13:29:26.572  1178  5113 E AndroidRuntime: 	at android.content.ContentProviderClient.$r8$lambda$XM3tFPA55ljHDptsaCJsFKE9eeU(ContentProviderClient.java:0)
08-11 13:29:26.572  1178  5113 E AndroidRuntime: 	at android.content.ContentProviderClient$$ExternalSyntheticLambda5.apply(D8$$SyntheticClass:0)
08-11 13:29:26.572  1178  5113 E AndroidRuntime: 	at android.content.ContentProviderClient.execute(ContentProviderClient.java:779)
08-11 13:29:26.572  1178  5113 E AndroidRuntime: 	at android.content.ContentProviderClient.query(ContentProviderClient.java:369)
08-11 13:29:26.572  1178  5113 E AndroidRuntime: 	at android.content.ContentProviderClient.query(ContentProviderClient.java:360)
08-11 13:29:26.572  1178  5113 E AndroidRuntime: 	at android.content.ContentProviderClient.query(ContentProviderClient.java:350)
08-11 13:29:26.572  1178  5113 E AndroidRuntime: 	at fefz.b(:com.google.android.gms@262434035@26.24.34 (260400-938041327):88)
08-11 13:29:26.572  1178  5113 E AndroidRuntime: 	at com.google.android.gms.people.sync.focus.SyncHighResPhotoIntentOperation.onHandleIntent(:com.google.android.gms@262434035@26.24.34 (260400-938041327):51)
08-11 13:29:26.572  1178  5113 E AndroidRuntime: 	at com.google.android.chimera.IntentOperation.onHandleIntent(:com.google.android.gms@262434035@26.24.34 (260400-938041327):1)
08-11 13:29:26.572  1178  5113 E AndroidRuntime: 	at bemu.onHandleIntent(:com.google.android.gms@262434035@26.24.34 (260400-938041327):88)
08-11 13:29:26.572  1178  5113 E AndroidRuntime: 	at abkp.run(:com.google.android.gms@262434035@26.24.34 (260400-938041327):58)
08-11 13:29:26.572  1178  5113 E AndroidRuntime: 	at abko.run(:com.google.android.gms@262434035@26.24.34 (260400-938041327):132)
08-11 13:29:26.572  1178  5113 E AndroidRuntime: 	at hgwo.run(:com.google.android.gms@262434035@26.24.34 (260400-938041327):23)
08-11 13:29:26.572  1178  5113 E AndroidRuntime: 	at java.util.concurrent.ThreadPoolExecutor.runWorker(ThreadPoolExecutor.java:1100)
08-11 13:29:26.572  1178  5113 E AndroidRuntime: 	at java.util.concurrent.ThreadPoolExecutor$Worker.run(ThreadPoolExecutor.java:624)
08-11 13:29:26.572  1178  5113 E AndroidRuntime: 	at java.lang.Thread.run(Thread.java:1572)
