08-08 18:32:38.457 12028 18376 E AndroidRuntime: FATAL EXCEPTION: [com.google.android.gms.chimera.container.intentoperation.GmsIntentOperationChimeraService-Executor] idle
08-08 18:32:40.081 18450 18495 E AndroidRuntime: FATAL EXCEPTION: [com.google.android.gms.chimera.container.intentoperation.GmsIntentOperationChimeraService-Executor] idle
08-08 22:42:31.340 12213 12213 E AndroidRuntime: FATAL EXCEPTION: main
08-09 14:19:30.568 32679 17357 E AndroidRuntime: FATAL EXCEPTION: [com.google.android.gms.chimera.container.intentoperation.GmsIntentOperationChimeraService-Executor] idle
08-09 14:28:25.397 17639 20132 E AndroidRuntime: FATAL EXCEPTION: [com.google.android.gms.chimera.container.intentoperation.GmsIntentOperationChimeraService-Executor] idle
08-09 14:28:26.687 20336 20449 E AndroidRuntime: FATAL EXCEPTION: [com.google.android.gms.chimera.container.intentoperation.GmsIntentOperationChimeraService-Executor] idle
08-09 14:29:57.345 20469 20914 E AndroidRuntime: FATAL EXCEPTION: [com.google.android.gms.chimera.container.intentoperation.GmsIntentOperationChimeraService-Executor] idle
08-09 14:40:21.790 20924 22635 E AndroidRuntime: FATAL EXCEPTION: [com.google.android.gms.chimera.container.intentoperation.GmsIntentOperationChimeraService-Executor] idle
08-09 14:40:56.934 22650 22955 E AndroidRuntime: FATAL EXCEPTION: [com.google.android.gms.chimera.container.intentoperation.GmsIntentOperationChimeraService-Executor] idle
08-09 14:42:17.217 23056 23987 E AndroidRuntime: FATAL EXCEPTION: [com.google.android.gms.chimera.container.intentoperation.GmsIntentOperationChimeraService-Executor] idle
08-09 14:43:07.568 24032 24174 E AndroidRuntime: FATAL EXCEPTION: [com.google.android.gms.chimera.container.intentoperation.GmsIntentOperationChimeraService-Executor] idle
08-09 14:43:15.012 24220 24262 E AndroidRuntime: FATAL EXCEPTION: [com.google.android.gms.chimera.container.intentoperation.GmsIntentOperationChimeraService-Executor] idle
08-09 14:43:17.306 24272 24314 E AndroidRuntime: FATAL EXCEPTION: [com.google.android.gms.chimera.container.intentoperation.GmsIntentOperationChimeraService-Executor] idle
08-09 14:43:19.876 24320 24359 E AndroidRuntime: FATAL EXCEPTION: [com.google.android.gms.chimera.container.intentoperation.GmsIntentOperationChimeraService-Executor] idle
08-09 16:43:32.066 28025 20640 E AndroidRuntime: FATAL EXCEPTION: [com.google.android.gms.chimera.container.intentoperation.GmsIntentOperationChimeraService-Executor] idle
08-09 16:43:35.682 20685 20724 E AndroidRuntime: FATAL EXCEPTION: [com.google.android.gms.chimera.container.intentoperation.GmsIntentOperationChimeraService-Executor] idle
08-10 10:18:36.225 16139 18679 E AndroidRuntime: FATAL EXCEPTION: [com.google.android.gms.chimera.container.intentoperation.GmsIntentOperationChimeraService-Executor] idle
08-10 10:18:40.442 18734 18807 E AndroidRuntime: FATAL EXCEPTION: [com.google.android.gms.chimera.container.intentoperation.GmsIntentOperationChimeraService-Executor] idle
08-10 16:07:59.658 11048 25264 E AndroidRuntime: FATAL EXCEPTION: [com.google.android.gms.chimera.container.intentoperation.GmsIntentOperationChimeraService-Executor] idle
08-10 16:08:01.603 25288 25367 E AndroidRuntime: FATAL EXCEPTION: [com.google.android.gms.chimera.container.intentoperation.GmsIntentOperationChimeraService-Executor] idle
08-10 16:08:41.724 25542 25606 E AndroidRuntime: FATAL EXCEPTION: [com.google.android.gms.chimera.container.intentoperation.GmsIntentOperationChimeraService-Executor] idle
08-10 16:08:53.914 25640 25693 E AndroidRuntime: FATAL EXCEPTION: [com.google.android.gms.chimera.container.intentoperation.GmsIntentOperationChimeraService-Executor] idle
08-10 16:49:28.059 30117 30904 E AndroidRuntime: FATAL EXCEPTION: [com.google.android.gms.chimera.container.intentoperation.GmsIntentOperationChimeraService-Executor] idle
08-10 16:49:36.684 30980 31021 E AndroidRuntime: FATAL EXCEPTION: [com.google.android.gms.chimera.container.intentoperation.GmsIntentOperationChimeraService-Executor] idle
08-10 16:59:33.000 31342 31442 E AndroidRuntime: FATAL EXCEPTION: [com.google.android.gms.chimera.container.intentoperation.GmsIntentOperationChimeraService-Executor] idle
08-10 16:59:34.427 31461 31529 E AndroidRuntime: FATAL EXCEPTION: [com.google.android.gms.chimera.container.intentoperation.GmsIntentOperationChimeraService-Executor] idle
08-10 17:21:05.521  4018  4058 E AndroidRuntime: FATAL EXCEPTION: [com.google.android.gms.chimera.container.intentoperation.GmsIntentOperationChimeraService-Executor] idle
08-10 17:21:06.698  4113  4161 E AndroidRuntime: FATAL EXCEPTION: [com.google.android.gms.chimera.container.intentoperation.GmsIntentOperationChimeraService-Executor] idle
08-10 17:21:11.598  4186  4226 E AndroidRuntime: FATAL EXCEPTION: [com.google.android.gms.chimera.container.intentoperation.GmsIntentOperationChimeraService-Executor] idle
08-10 19:18:47.876  9423 25207 E AndroidRuntime: FATAL EXCEPTION: [com.google.android.gms.chimera.container.intentoperation.GmsIntentOperationChimeraService-Executor] idle
08-10 19:18:51.368 25298 25366 E AndroidRuntime: FATAL EXCEPTION: [com.google.android.gms.chimera.container.intentoperation.GmsIntentOperationChimeraService-Executor] idle
08-10 19:27:00.919 25392 28565 E AndroidRuntime: FATAL EXCEPTION: [com.google.android.gms.chimera.container.intentoperation.GmsIntentOperationChimeraService-Executor] idle
08-10 19:40:40.615 29757 29877 E AndroidRuntime: FATAL EXCEPTION: [com.google.android.gms.chimera.container.intentoperation.GmsIntentOperationChimeraService-Executor] idle
08-10 19:40:43.130 29895 29932 E AndroidRuntime: FATAL EXCEPTION: [com.google.android.gms.chimera.container.intentoperation.GmsIntentOperationChimeraService-Executor] idle
08-10 19:42:12.067 29985 30026 E AndroidRuntime: FATAL EXCEPTION: [com.google.android.gms.chimera.container.intentoperation.GmsIntentOperationChimeraService-Executor] idle
08-11 08:31:30.429 30974  3753 E AndroidRuntime: FATAL EXCEPTION: [com.google.android.gms.chimera.container.intentoperation.GmsIntentOperationChimeraService-Executor] idle
08-11 08:59:15.311  3771  9207 E AndroidRuntime: FATAL EXCEPTION: [com.google.android.gms.chimera.container.intentoperation.GmsIntentOperationChimeraService-Executor] idle
08-11 08:59:16.401  9225  9301 E AndroidRuntime: FATAL EXCEPTION: [com.google.android.gms.chimera.container.intentoperation.GmsIntentOperationChimeraService-Executor] idle
08-11 08:59:19.713  9317  9379 E AndroidRuntime: FATAL EXCEPTION: [com.google.android.gms.chimera.container.intentoperation.GmsIntentOperationChimeraService-Executor] idle
08-11 08:59:21.204  9383  9432 E AndroidRuntime: FATAL EXCEPTION: [com.google.android.gms.chimera.container.intentoperation.GmsIntentOperationChimeraService-Executor] idle
08-11 09:00:54.615  9612  9927 E AndroidRuntime: FATAL EXCEPTION: [com.google.android.gms.chimera.container.intentoperation.GmsIntentOperationChimeraService-Executor] idle
08-11 09:06:45.843 10006 10757 E AndroidRuntime: FATAL EXCEPTION: [com.google.android.gms.chimera.container.intentoperation.GmsIntentOperationChimeraService-Executor] idle
08-11 09:06:46.836 10790 10825 E AndroidRuntime: FATAL EXCEPTION: [com.google.android.gms.chimera.container.intentoperation.GmsIntentOperationChimeraService-Executor] idle
08-11 09:08:02.780 11252 11295 E AndroidRuntime: FATAL EXCEPTION: [com.google.android.gms.chimera.container.intentoperation.GmsIntentOperationChimeraService-Executor] idle
08-11 09:08:08.692 11342 11407 E AndroidRuntime: FATAL EXCEPTION: [com.google.android.gms.chimera.container.intentoperation.GmsIntentOperationChimeraService-Executor] idle
08-11 09:25:45.539 11429 13083 E AndroidRuntime: FATAL EXCEPTION: [com.google.android.gms.chimera.container.intentoperation.GmsIntentOperationChimeraService-Executor] idle
08-11 09:25:46.407 13092 13128 E AndroidRuntime: FATAL EXCEPTION: [com.google.android.gms.chimera.container.intentoperation.GmsIntentOperationChimeraService-Executor] idle
08-11 09:25:49.205 13155 13189 E AndroidRuntime: FATAL EXCEPTION: [com.google.android.gms.chimera.container.intentoperation.GmsIntentOperationChimeraService-Executor] idle
08-11 09:25:51.436 13200 13247 E AndroidRuntime: FATAL EXCEPTION: [com.google.android.gms.chimera.container.intentoperation.GmsIntentOperationChimeraService-Executor] idle
08-11 09:28:44.029 13302 13829 E AndroidRuntime: FATAL EXCEPTION: [com.google.android.gms.chimera.container.intentoperation.GmsIntentOperationChimeraService-Executor] idle
08-11 09:28:46.045 13844 13881 E AndroidRuntime: FATAL EXCEPTION: [com.google.android.gms.chimera.container.intentoperation.GmsIntentOperationChimeraService-Executor] idle
08-11 09:28:48.339 13898 13936 E AndroidRuntime: FATAL EXCEPTION: [com.google.android.gms.chimera.container.intentoperation.GmsIntentOperationChimeraService-Executor] idle
08-11 09:28:50.358 13944 13976 E AndroidRuntime: FATAL EXCEPTION: [com.google.android.gms.chimera.container.intentoperation.GmsIntentOperationChimeraService-Executor] idle
08-11 09:45:27.504 14012 16815 E AndroidRuntime: FATAL EXCEPTION: [com.google.android.gms.chimera.container.intentoperation.GmsIntentOperationChimeraService-Executor] idle
08-11 09:46:02.359 16898 17096 E AndroidRuntime: FATAL EXCEPTION: [com.google.android.gms.chimera.container.intentoperation.GmsIntentOperationChimeraService-Executor] idle
08-11 09:46:09.499 17200 17243 E AndroidRuntime: FATAL EXCEPTION: [com.google.android.gms.chimera.container.intentoperation.GmsIntentOperationChimeraService-Executor] idle
08-11 09:46:24.753 17247 17336 E AndroidRuntime: FATAL EXCEPTION: [com.google.android.gms.chimera.container.intentoperation.GmsIntentOperationChimeraService-Executor] idle
08-11 09:46:26.441 17346 17386 E AndroidRuntime: FATAL EXCEPTION: [com.google.android.gms.chimera.container.intentoperation.GmsIntentOperationChimeraService-Executor] idle
08-11 09:46:45.476 17393 17489 E AndroidRuntime: FATAL EXCEPTION: [com.google.android.gms.chimera.container.intentoperation.GmsIntentOperationChimeraService-Executor] idle
08-11 10:03:27.370 17496 20390 E AndroidRuntime: FATAL EXCEPTION: [com.google.android.gms.chimera.container.intentoperation.GmsIntentOperationChimeraService-Executor] idle
08-11 10:09:05.500 20413 21357 E AndroidRuntime: FATAL EXCEPTION: [com.google.android.gms.chimera.container.intentoperation.GmsIntentOperationChimeraService-Executor] idle
08-11 10:09:06.376 21429 21471 E AndroidRuntime: FATAL EXCEPTION: [com.google.android.gms.chimera.container.intentoperation.GmsIntentOperationChimeraService-Executor] idle
08-11 10:09:10.816 21506 21570 E AndroidRuntime: FATAL EXCEPTION: [com.google.android.gms.chimera.container.intentoperation.GmsIntentOperationChimeraService-Executor] idle
08-11 10:11:14.231 21815 21871 E AndroidRuntime: FATAL EXCEPTION: [com.google.android.gms.chimera.container.intentoperation.GmsIntentOperationChimeraService-Executor] idle
08-11 10:13:38.938 21882 22122 E AndroidRuntime: FATAL EXCEPTION: [com.google.android.gms.chimera.container.intentoperation.GmsIntentOperationChimeraService-Executor] idle
08-11 10:13:40.139 22289 22341 E AndroidRuntime: FATAL EXCEPTION: [com.google.android.gms.chimera.container.intentoperation.GmsIntentOperationChimeraService-Executor] idle
08-11 10:36:27.091 22357 28667 E AndroidRuntime: FATAL EXCEPTION: [com.google.android.gms.chimera.container.intentoperation.GmsIntentOperationChimeraService-Executor] idle
08-11 10:37:31.302 28756 29029 E AndroidRuntime: FATAL EXCEPTION: [com.google.android.gms.chimera.container.intentoperation.GmsIntentOperationChimeraService-Executor] idle
08-11 10:37:42.801 29090 29135 E AndroidRuntime: FATAL EXCEPTION: [com.google.android.gms.chimera.container.intentoperation.GmsIntentOperationChimeraService-Executor] idle
08-11 11:16:42.216  2153  2680 E AndroidRuntime: FATAL EXCEPTION: [com.google.android.gms.chimera.container.intentoperation.GmsIntentOperationChimeraService-Executor] idle
08-11 11:16:44.371  2713  2866 E AndroidRuntime: FATAL EXCEPTION: [com.google.android.gms.chimera.container.intentoperation.GmsIntentOperationChimeraService-Executor] idle
08-11 11:16:48.840  2926  2967 E AndroidRuntime: FATAL EXCEPTION: [com.google.android.gms.chimera.container.intentoperation.GmsIntentOperationChimeraService-Executor] idle
08-11 11:19:54.975  2979  3783 E AndroidRuntime: FATAL EXCEPTION: [com.google.android.gms.chimera.container.intentoperation.GmsIntentOperationChimeraService-Executor] idle
08-11 11:26:34.681  4143  5183 E AndroidRuntime: FATAL EXCEPTION: [com.google.android.gms.chimera.container.intentoperation.GmsIntentOperationChimeraService-Executor] idle
08-11 11:28:51.000  5228  5692 E AndroidRuntime: FATAL EXCEPTION: [com.google.android.gms.chimera.container.intentoperation.GmsIntentOperationChimeraService-Executor] idle
08-11 11:28:53.091  5739  5822 E AndroidRuntime: FATAL EXCEPTION: [com.google.android.gms.chimera.container.intentoperation.GmsIntentOperationChimeraService-Executor] idle
08-11 11:28:57.016  5845  5884 E AndroidRuntime: FATAL EXCEPTION: [com.google.android.gms.chimera.container.intentoperation.GmsIntentOperationChimeraService-Executor] idle
08-11 11:29:01.936  5917  5965 E AndroidRuntime: FATAL EXCEPTION: [com.google.android.gms.chimera.container.intentoperation.GmsIntentOperationChimeraService-Executor] idle
08-11 11:34:38.253  6951  7116 E AndroidRuntime: FATAL EXCEPTION: [com.google.android.gms.chimera.container.intentoperation.GmsIntentOperationChimeraService-Executor] idle
08-11 11:35:59.777  7190  7441 E AndroidRuntime: FATAL EXCEPTION: [com.google.android.gms.chimera.container.intentoperation.GmsIntentOperationChimeraService-Executor] idle
08-11 11:43:06.893  7614  8757 E AndroidRuntime: FATAL EXCEPTION: [com.google.android.gms.chimera.container.intentoperation.GmsIntentOperationChimeraService-Executor] idle
08-11 11:43:07.859  8769  8809 E AndroidRuntime: FATAL EXCEPTION: [com.google.android.gms.chimera.container.intentoperation.GmsIntentOperationChimeraService-Executor] idle
08-11 11:43:09.081  8834  8890 E AndroidRuntime: FATAL EXCEPTION: [com.google.android.gms.chimera.container.intentoperation.GmsIntentOperationChimeraService-Executor] idle
08-11 11:43:18.604  8931  8982 E AndroidRuntime: FATAL EXCEPTION: [com.google.android.gms.chimera.container.intentoperation.GmsIntentOperationChimeraService-Executor] idle
08-11 11:43:30.767  8984  9109 E AndroidRuntime: FATAL EXCEPTION: [com.google.android.gms.chimera.container.intentoperation.GmsIntentOperationChimeraService-Executor] idle
08-11 12:08:06.350  9200 14970 E AndroidRuntime: FATAL EXCEPTION: [com.google.android.gms.chimera.container.intentoperation.GmsIntentOperationChimeraService-Executor] idle
08-11 12:16:04.918 14986 15803 E AndroidRuntime: FATAL EXCEPTION: [com.google.android.gms.chimera.container.intentoperation.GmsIntentOperationChimeraService-Executor] idle
08-11 12:16:11.103 15880 15917 E AndroidRuntime: FATAL EXCEPTION: [com.google.android.gms.chimera.container.intentoperation.GmsIntentOperationChimeraService-Executor] idle
08-11 12:16:27.267 15939 15976 E AndroidRuntime: FATAL EXCEPTION: [com.google.android.gms.chimera.container.intentoperation.GmsIntentOperationChimeraService-Executor] idle
08-11 12:16:29.113 16021 16073 E AndroidRuntime: FATAL EXCEPTION: [com.google.android.gms.chimera.container.intentoperation.GmsIntentOperationChimeraService-Executor] idle
08-11 12:16:33.266 16088 16124 E AndroidRuntime: FATAL EXCEPTION: [com.google.android.gms.chimera.container.intentoperation.GmsIntentOperationChimeraService-Executor] idle
08-11 12:16:35.430 16132 16168 E AndroidRuntime: FATAL EXCEPTION: [com.google.android.gms.chimera.container.intentoperation.GmsIntentOperationChimeraService-Executor] idle
08-11 13:14:37.656 16176 32499 E AndroidRuntime: FATAL EXCEPTION: [com.google.android.gms.chimera.container.intentoperation.GmsIntentOperationChimeraService-Executor] idle
08-11 13:14:41.222 32602 32715 E AndroidRuntime: FATAL EXCEPTION: [com.google.android.gms.chimera.container.intentoperation.GmsIntentOperationChimeraService-Executor] idle
08-11 13:14:43.758 32761   354 E AndroidRuntime: FATAL EXCEPTION: [com.google.android.gms.chimera.container.intentoperation.GmsIntentOperationChimeraService-Executor] idle
08-11 13:14:45.929   368   409 E AndroidRuntime: FATAL EXCEPTION: [com.google.android.gms.chimera.container.intentoperation.GmsIntentOperationChimeraService-Executor] idle
08-11 13:29:26.572  1178  5113 E AndroidRuntime: FATAL EXCEPTION: [com.google.android.gms.chimera.container.intentoperation.GmsIntentOperationChimeraService-Executor] idle
08-11 13:29:27.656  5141  5188 E AndroidRuntime: FATAL EXCEPTION: [com.google.android.gms.chimera.container.intentoperation.GmsIntentOperationChimeraService-Executor] idle
