08-11 13:37:52.607 20252 22758 E SQLiteLog: (1) near ")": syntax error in "SELECT _id FROM view_contacts WHERE (((_id IN default_directory))) AND ((_id IN (966)) AND ()) ORDER BY starred DESC, times_contacted DESC LIMIT 2000"
08-11 13:37:52.615 20252 22758 E DatabaseUtils: Writing exception to parcel
08-11 13:37:52.615 20252 22758 E DatabaseUtils: android.database.sqlite.SQLiteException: near ")": syntax error (code 1 SQLITE_ERROR): , while compiling: SELECT _id FROM view_contacts WHERE (((_id IN default_directory))) AND ((_id IN (966)) AND ()) ORDER BY starred DESC, times_contacted DESC LIMIT 2000
08-11 13:37:52.615 20252 22758 E DatabaseUtils: 	at android.database.sqlite.SQLiteConnection.nativePrepareStatement(Native Method)
08-11 13:37:52.615 20252 22758 E DatabaseUtils: 	at android.database.sqlite.SQLiteConnection.-$$Nest$smnativePrepareStatement(SQLiteConnection.java:0)
08-11 13:37:52.615 20252 22758 E DatabaseUtils: 	at android.database.sqlite.SQLiteConnection$PreparedStatementCache.createStatement(SQLiteConnection.java:1627)
08-11 13:37:52.615 20252 22758 E DatabaseUtils: 	at android.database.sqlite.SQLiteConnection.acquirePreparedStatementLI(SQLiteConnection.java:1117)
08-11 13:37:52.615 20252 22758 E DatabaseUtils: 	at android.database.sqlite.SQLiteConnection.acquirePreparedStatement(SQLiteConnection.java:1145)
08-11 13:37:52.615 20252 22758 E DatabaseUtils: 	at android.database.sqlite.SQLiteConnection.prepare(SQLiteConnection.java:708)
08-11 13:37:52.615 20252 22758 E DatabaseUtils: 	at android.database.sqlite.SQLiteSession.prepare(SQLiteSession.java:625)
08-11 13:37:52.615 20252 22758 E DatabaseUtils: 	at android.database.sqlite.SQLiteDatabase.validateSql(SQLiteDatabase.java:2332)
08-11 13:37:52.615 20252 22758 E DatabaseUtils: 	at android.database.sqlite.SQLiteQueryBuilder.query(SQLiteQueryBuilder.java:582)
08-11 13:37:52.615 20252 22758 E DatabaseUtils: 	at com.android.providers.contacts.ContactsProvider2.doQuery(ContactsProvider2.java:8238)
08-11 13:37:52.615 20252 22758 E DatabaseUtils: 	at com.android.providers.contacts.ContactsProvider2.queryLocal(ContactsProvider2.java:8181)
08-11 13:37:52.615 20252 22758 E DatabaseUtils: 	at com.android.providers.contacts.ContactsProvider2.queryDirectoryIfNecessary(ContactsProvider2.java:6484)
08-11 13:37:52.615 20252 22758 E DatabaseUtils: 	at com.android.providers.contacts.ContactsProvider2.queryInternal(ContactsProvider2.java:6323)
08-11 13:37:52.615 20252 22758 E DatabaseUtils: 	at com.android.providers.contacts.ContactsProvider2.query(ContactsProvider2.java:6263)
08-11 13:37:52.615 20252 22758 E DatabaseUtils: 	at com.android.providers.contacts.ContactsProvider2.query(ContactsProvider2.java:6247)
08-11 13:37:52.615 20252 22758 E DatabaseUtils: 	at com.android.providers.contacts.ScopedContactsProvider.queryFiltered(ScopedContactsProvider.java:205)
08-11 13:37:52.615 20252 22758 E DatabaseUtils: 	at com.android.providers.contacts.ScopedContactsProvider.queryInner(ScopedContactsProvider.java:113)
08-11 13:37:52.615 20252 22758 E DatabaseUtils: 	at com.android.internal.app.RedirectedContentProvider.query(RedirectedContentProvider.java:41)
08-11 13:37:52.615 20252 22758 E DatabaseUtils: 	at android.content.ContentProvider.query(ContentProvider.java:1698)
08-11 13:37:52.615 20252 22758 E DatabaseUtils: 	at android.content.ContentProvider.query(ContentProvider.java:1794)
08-11 13:37:52.615 20252 22758 E DatabaseUtils: 	at android.content.ContentProvider$Transport.query(ContentProvider.java:305)
08-11 13:37:52.615 20252 22758 E DatabaseUtils: 	at android.content.ContentProviderNative.onTransact(ContentProviderNative.java:109)
08-11 13:37:52.615 20252 22758 E DatabaseUtils: 	at android.os.Binder.execTransactInternal(Binder.java:1412)
08-11 13:37:52.615 20252 22758 E DatabaseUtils: 	at android.os.Binder.execTransact(Binder.java:1364)
08-11 13:37:52.631 20252 22758 E DatabaseUtils: Writing exception to parcel
08-11 13:37:52.631 20252 22758 E DatabaseUtils: java.lang.IllegalArgumentException: Invalid column photo_uri
08-11 13:37:52.631 20252 22758 E DatabaseUtils: 	at android.database.sqlite.SQLiteQueryBuilder.computeSingleProjectionOrThrow(SQLiteQueryBuilder.java:1122)
08-11 13:37:52.631 20252 22758 E DatabaseUtils: 	at android.database.sqlite.SQLiteQueryBuilder.computeProjection(SQLiteQueryBuilder.java:1093)
08-11 13:37:52.631 20252 22758 E DatabaseUtils: 	at android.database.sqlite.SQLiteQueryBuilder.buildQuery(SQLiteQueryBuilder.java:868)
08-11 13:37:52.631 20252 22758 E DatabaseUtils: 	at android.database.sqlite.SQLiteQueryBuilder.query(SQLiteQueryBuilder.java:558)
08-11 13:37:52.631 20252 22758 E DatabaseUtils: 	at com.android.providers.contacts.ContactsProvider2.doQuery(ContactsProvider2.java:8238)
08-11 13:37:52.631 20252 22758 E DatabaseUtils: 	at com.android.providers.contacts.ContactsProvider2.queryLocal(ContactsProvider2.java:8181)
08-11 13:37:52.631 20252 22758 E DatabaseUtils: 	at com.android.providers.contacts.ContactsProvider2.queryDirectoryIfNecessary(ContactsProvider2.java:6484)
08-11 13:37:52.631 20252 22758 E DatabaseUtils: 	at com.android.providers.contacts.ContactsProvider2.queryInternal(ContactsProvider2.java:6323)
08-11 13:37:52.631 20252 22758 E DatabaseUtils: 	at com.android.providers.contacts.ContactsProvider2.query(ContactsProvider2.java:6263)
08-11 13:37:52.631 20252 22758 E DatabaseUtils: 	at com.android.providers.contacts.ContactsProvider2.query(ContactsProvider2.java:6247)
08-11 13:37:52.631 20252 22758 E DatabaseUtils: 	at com.android.providers.contacts.ScopedContactsProvider.queryFiltered(ScopedContactsProvider.java:205)
08-11 13:37:52.631 20252 22758 E DatabaseUtils: 	at com.android.providers.contacts.ScopedContactsProvider.queryInner(ScopedContactsProvider.java:113)
08-11 13:37:52.631 20252 22758 E DatabaseUtils: 	at com.android.internal.app.RedirectedContentProvider.query(RedirectedContentProvider.java:41)
08-11 13:37:52.631 20252 22758 E DatabaseUtils: 	at android.content.ContentProvider.query(ContentProvider.java:1698)
08-11 13:37:52.631 20252 22758 E DatabaseUtils: 	at android.content.ContentProvider.query(ContentProvider.java:1794)
08-11 13:37:52.631 20252 22758 E DatabaseUtils: 	at android.content.ContentProvider$Transport.query(ContentProvider.java:305)
08-11 13:37:52.631 20252 22758 E DatabaseUtils: 	at android.content.ContentProviderNative.onTransact(ContentProviderNative.java:109)
08-11 13:37:52.631 20252 22758 E DatabaseUtils: 	at android.os.Binder.execTransactInternal(Binder.java:1412)
08-11 13:37:52.631 20252 22758 E DatabaseUtils: 	at android.os.Binder.execTransact(Binder.java:1364)
