08-11 13:37:52.618  5458  5532 E DCU_CPHelper2: Caught exception thrown by the ContactsProvider. [CONTEXT service_id=135 ]
08-11 13:37:52.618  5458  5532 E DCU_CPHelper2: android.database.sqlite.SQLiteException: near ")": syntax error (code 1 SQLITE_ERROR): , while compiling: SELECT _id FROM view_contacts WHERE (((_id IN default_directory))) AND ((_id IN (966)) AND ()) ORDER BY starred DESC, times_contacted DESC LIMIT 2000
08-11 13:37:52.618  5458  5532 E DCU_CPHelper2: 	at android.database.DatabaseUtils.readExceptionFromParcel(DatabaseUtils.java:221)
08-11 13:37:52.618  5458  5532 E DCU_CPHelper2: 	at android.database.DatabaseUtils.readExceptionFromParcel(DatabaseUtils.java:177)
08-11 13:37:52.618  5458  5532 E DCU_CPHelper2: 	at android.content.ContentProviderProxy.query(ContentProviderNative.java:497)
08-11 13:37:52.618  5458  5532 E DCU_CPHelper2: 	at android.content.ContentResolver.query(ContentResolver.java:1275)
08-11 13:37:52.618  5458  5532 E DCU_CPHelper2: 	at android.content.ContentResolver.query(ContentResolver.java:1206)
08-11 13:37:52.618  5458  5532 E DCU_CPHelper2: 	at android.content.ContentResolver.query(ContentResolver.java:1161)
08-11 13:37:52.618  5458  5532 E DCU_CPHelper2: 	at ficc.a(:com.google.android.gms@262434035@26.24.34 (260400-938041327):29)
08-11 13:37:52.618  5458  5532 E DCU_CPHelper2: 	at ficl.a(:com.google.android.gms@262434035@26.24.34 (260400-938041327):3)
08-11 13:37:52.618  5458  5532 E DCU_CPHelper2: 	at ficf.c(:com.google.android.gms@262434035@26.24.34 (260400-938041327):9)
08-11 13:37:52.618  5458  5532 E DCU_CPHelper2: 	at figd.a(:com.google.android.gms@262434035@26.24.34 (260400-938041327):1319)
08-11 13:37:52.618  5458  5532 E DCU_CPHelper2: 	at glni.d(:com.google.android.gms@262434035@26.24.34 (260400-938041327):142)
08-11 13:37:52.618  5458  5532 E DCU_CPHelper2: 	at glnf.a(:com.google.android.gms@262434035@26.24.34 (260400-938041327):17)
08-11 13:37:52.618  5458  5532 E DCU_CPHelper2: 	at hgwk.a(:com.google.android.gms@262434035@26.24.34 (260400-938041327):17)
08-11 13:37:52.618  5458  5532 E DCU_CPHelper2: 	at hpvo.d(:com.google.android.gms@262434035@26.24.34 (260400-938041327):3)
08-11 13:37:52.618  5458  5532 E DCU_CPHelper2: 	at hpvq.run(:com.google.android.gms@262434035@26.24.34 (260400-938041327):47)
08-11 13:37:52.618  5458  5532 E DCU_CPHelper2: 	at hpxd.execute(:com.google.android.gms@262434035@26.24.34 (260400-938041327):1)
08-11 13:37:52.618  5458  5532 E DCU_CPHelper2: 	at hpvd.f(:com.google.android.gms@262434035@26.24.34 (260400-938041327):1)
08-11 13:37:52.618  5458  5532 E DCU_CPHelper2: 	at hpvd.m(:com.google.android.gms@262434035@26.24.34 (260400-938041327):101)
08-11 13:37:52.618  5458  5532 E DCU_CPHelper2: 	at hpvd.p(:com.google.android.gms@262434035@26.24.34 (260400-938041327):15)
08-11 13:37:52.618  5458  5532 E DCU_CPHelper2: 	at hpvp.e(:com.google.android.gms@262434035@26.24.34 (260400-938041327):1)
08-11 13:37:52.618  5458  5532 E DCU_CPHelper2: 	at hpvq.run(:com.google.android.gms@262434035@26.24.34 (260400-938041327):53)
08-11 13:37:52.618  5458  5532 E DCU_CPHelper2: 	at hpxd.execute(:com.google.android.gms@262434035@26.24.34 (260400-938041327):1)
08-11 13:37:52.618  5458  5532 E DCU_CPHelper2: 	at hpvd.f(:com.google.android.gms@262434035@26.24.34 (260400-938041327):1)
08-11 13:37:52.618  5458  5532 E DCU_CPHelper2: 	at hpvd.m(:com.google.android.gms@262434035@26.24.34 (260400-938041327):101)
08-11 13:37:52.618  5458  5532 E DCU_CPHelper2: 	at hpvd.p(:com.google.android.gms@262434035@26.24.34 (260400-938041327):15)
08-11 13:37:52.618  5458  5532 E DCU_CPHelper2: 	at hpuv.run(:com.google.android.gms@262434035@26.24.34 (260400-938041327):129)
08-11 13:37:52.618  5458  5532 E DCU_CPHelper2: 	at hpxd.execute(:com.google.android.gms@262434035@26.24.34 (260400-938041327):1)
08-11 13:37:52.618  5458  5532 E DCU_CPHelper2: 	at hpvd.f(:com.google.android.gms@262434035@26.24.34 (260400-938041327):1)
08-11 13:37:52.618  5458  5532 E DCU_CPHelper2: 	at hpvd.m(:com.google.android.gms@262434035@26.24.34 (260400-938041327):101)
08-11 13:37:52.618  5458  5532 E DCU_CPHelper2: 	at hpvd.p(:com.google.android.gms@262434035@26.24.34 (260400-938041327):15)
08-11 13:37:52.618  5458  5532 E DCU_CPHelper2: 	at hpvp.e(:com.google.android.gms@262434035@26.24.34 (260400-938041327):1)
08-11 13:37:52.618  5458  5532 E DCU_CPHelper2: 	at hpvq.run(:com.google.android.gms@262434035@26.24.34 (260400-938041327):53)
08-11 13:37:52.618  5458  5532 E DCU_CPHelper2: 	at hpxd.execute(:com.google.android.gms@262434035@26.24.34 (260400-938041327):1)
08-11 13:37:52.618  5458  5532 E DCU_CPHelper2: 	at hpvd.f(:com.google.android.gms@262434035@26.24.34 (260400-938041327):1)
08-11 13:37:52.618  5458  5532 E DCU_CPHelper2: 	at hpvd.m(:com.google.android.gms@262434035@26.24.34 (260400-938041327):101)
08-11 13:37:52.618  5458  5532 E DCU_CPHelper2: 	at hpvd.p(:com.google.android.gms@262434035@26.24.34 (260400-938041327):15)
08-11 13:37:52.618  5458  5532 E DCU_CPHelper2: 	at hpvp.e(:com.google.android.gms@262434035@26.24.34 (260400-938041327):1)
08-11 13:37:52.618  5458  5532 E DCU_CPHelper2: 	at hpvq.run(:com.google.android.gms@262434035@26.24.34 (260400-938041327):53)
08-11 13:37:52.618  5458  5532 E DCU_CPHelper2: 	at hpxd.execute(:com.google.android.gms@262434035@26.24.34 (260400-938041327):1)
08-11 13:37:52.618  5458  5532 E DCU_CPHelper2: 	at hpvd.f(:com.google.android.gms@262434035@26.24.34 (260400-938041327):1)
08-11 13:37:52.618  5458  5532 E DCU_CPHelper2: 	at hpvd.m(:com.google.android.gms@262434035@26.24.34 (260400-938041327):101)
08-11 13:37:52.618  5458  5532 E DCU_CPHelper2: 	at hpvd.s(:com.google.android.gms@262434035@26.24.34 (260400-938041327):28)
08-11 13:37:52.618  5458  5532 E DCU_CPHelper2: 	at hpxz.run(:com.google.android.gms@262434035@26.24.34 (260400-938041327):5)
08-11 13:37:52.618  5458  5532 E DCU_CPHelper2: 	at hpxd.execute(:com.google.android.gms@262434035@26.24.34 (260400-938041327):1)
08-11 13:37:52.618  5458  5532 E DCU_CPHelper2: 	at hpvd.f(:com.google.android.gms@262434035@26.24.34 (260400-938041327):1)
08-11 13:37:52.618  5458  5532 E DCU_CPHelper2: 	at hpvd.m(:com.google.android.gms@262434035@26.24.34 (260400-938041327):101)
08-11 13:37:52.618  5458  5532 E DCU_CPHelper2: 	at hpvd.s(:com.google.android.gms@262434035@26.24.34 (260400-938041327):28)
08-11 13:37:52.618  5458  5532 E DCU_CPHelper2: 	at hpxz.run(:com.google.android.gms@262434035@26.24.34 (260400-938041327):5)
08-11 13:37:52.618  5458  5532 E DCU_CPHelper2: 	at hpxd.execute(:com.google.android.gms@262434035@26.24.34 (260400-938041327):1)
08-11 13:37:52.618  5458  5532 E DCU_CPHelper2: 	at hpvd.f(:com.google.android.gms@262434035@26.24.34 (260400-938041327):1)
08-11 13:37:52.618  5458  5532 E DCU_CPHelper2: 	at hpvd.m(:com.google.android.gms@262434035@26.24.34 (260400-938041327):101)
08-11 13:37:52.618  5458  5532 E DCU_CPHelper2: 	at hpvd.p(:com.google.android.gms@262434035@26.24.34 (260400-938041327):15)
08-11 13:37:52.618  5458  5532 E DCU_CPHelper2: 	at hpxa.c(:com.google.android.gms@262434035@26.24.34 (260400-938041327):3)
08-11 13:37:52.618  5458  5532 E DCU_CPHelper2: 	at hpxb.e(:com.google.android.gms@262434035@26.24.34 (260400-938041327):6)
08-11 13:37:52.618  5458  5532 E DCU_CPHelper2: 	at hpyp.run(:com.google.android.gms@262434035@26.24.34 (260400-938041327):73)
08-11 13:37:52.618  5458  5532 E DCU_CPHelper2: 	at hpxd.execute(:com.google.android.gms@262434035@26.24.34 (260400-938041327):1)
08-11 13:37:52.618  5458  5532 E DCU_CPHelper2: 	at hpxb.f(:com.google.android.gms@262434035@26.24.34 (260400-938041327):3)
08-11 13:37:52.618  5458  5532 E DCU_CPHelper2: 	at hpxc.g(:com.google.android.gms@262434035@26.24.34 (260400-938041327):5)
08-11 13:37:52.618  5458  5532 E DCU_CPHelper2: 	at hpvt.f(:com.google.android.gms@262434035@26.24.34 (260400-938041327):53)
08-11 13:37:52.618  5458  5532 E DCU_CPHelper2: 	at hpvs.run(:com.google.android.gms@262434035@26.24.34 (260400-938041327):5)
08-11 13:37:52.618  5458  5532 E DCU_CPHelper2: 	at hpxd.execute(:com.google.android.gms@262434035@26.24.34 (260400-938041327):1)
08-11 13:37:52.618  5458  5532 E DCU_CPHelper2: 	at hpvd.f(:com.google.android.gms@262434035@26.24.34 (260400-938041327):1)
08-11 13:37:52.618  5458  5532 E DCU_CPHelper2: 	at hpvd.m(:com.google.android.gms@262434035@26.24.34 (260400-938041327):101)
08-11 13:37:52.618  5458  5532 E DCU_CPHelper2: 	at hpvd.s(:com.google.android.gms@262434035@26.24.34 (260400-938041327):28)
08-11 13:37:52.618  5458  5532 E DCU_CPHelper2: 	at hpvo.e(:com.google.android.gms@262434035@26.24.34 (260400-938041327):3)
08-11 13:37:52.618  5458  5532 E DCU_CPHelper2: 	at hpvq.run(:com.google.android.gms@262434035@26.24.34 (260400-938041327):53)
08-11 13:37:52.618  5458  5532 E DCU_CPHelper2: 	at blmv.c(:com.google.android.gms@262434035@26.24.34 (260400-938041327):50)
08-11 13:37:52.618  5458  5532 E DCU_CPHelper2: 	at blmv.run(:com.google.android.gms@262434035@26.24.34 (260400-938041327):66)
08-11 13:37:52.618  5458  5532 E DCU_CPHelper2: 	at java.util.concurrent.ThreadPoolExecutor.runWorker(ThreadPoolExecutor.java:1100)
08-11 13:37:52.618  5458  5532 E DCU_CPHelper2: 	at java.util.concurrent.ThreadPoolExecutor$Worker.run(ThreadPoolExecutor.java:624)
08-11 13:37:52.618  5458  5532 E DCU_CPHelper2: 	at blsn.run(:com.google.android.gms@262434035@26.24.34 (260400-938041327):8)
08-11 13:37:52.618  5458  5532 E DCU_CPHelper2: 	at java.lang.Thread.run(Thread.java:1572)
